Copyright 1986-2022 Xilinx, Inc. All Rights Reserved. Copyright 2022-2026 Advanced Micro Devices, Inc. All Rights Reserved.
------------------------------------------------------------------------------------------------------------------------------------------------------------------------------------------------------------------------------------
| Tool Version : Vivado v.2026.1 (win64) Build 6511674 Tue Jun 16 11:02:23 MDT 2026
| Date         : Fri Sep 18 08:23:14 2026
| Host         : LAPTOP-EAAOKABQ running 64-bit major release  (build 9200)
| Command      : report_timing_summary -max_paths 10 -routable_nets -report_unconstrained -file js03_top_timing_summary_routed.rpt -pb js03_top_timing_summary_routed.pb -rpx js03_top_timing_summary_routed.rpx -warn_on_violation
| Design       : js03_top
| Device       : 7a35t-cpg236
| Speed File   : -1  PRODUCTION 1.23 2018-06-13
| Design State : Routed
------------------------------------------------------------------------------------------------------------------------------------------------------------------------------------------------------------------------------------

Timing Summary Report

------------------------------------------------------------------------------------------------
| Timer Settings
| --------------
------------------------------------------------------------------------------------------------

  Enable Multi Corner Analysis               :  Yes
  Enable Pessimism Removal                   :  Yes
  Pessimism Removal Resolution               :  Nearest Common Node
  Enable Input Delay Default Clock           :  No
  Enable Preset / Clear Arcs                 :  No
  Disable Flight Delays                      :  No
  Ignore I/O Paths                           :  No
  Timing Early Launch at Borrowing Latches   :  No
  Borrow Time for Max Delay Exceptions       :  Yes
  Merge Timing Exceptions                    :  Yes
  Inter-SLR Compensation                     :  Conservative

  Corner  Analyze    Analyze    
  Name    Max Paths  Min Paths  
  ------  ---------  ---------  
  Slow    Yes        Yes        
  Fast    Yes        Yes        


------------------------------------------------------------------------------------------------
| Report Methodology
| ------------------
------------------------------------------------------------------------------------------------

No report available as report_methodology has not been run prior. Run report_methodology on the current design for the summary of methodology violations.



check_timing report

Table of Contents
-----------------
1. checking no_clock (0)
2. checking constant_clock (0)
3. checking pulse_width_clock (0)
4. checking unconstrained_internal_endpoints (0)
5. checking no_input_delay (0)
6. checking no_output_delay (0)
7. checking multiple_clock (0)
8. checking generated_clocks (0)
9. checking loops (0)
10. checking partial_input_delay (0)
11. checking partial_output_delay (0)
12. checking latch_loops (0)

1. checking no_clock (0)
------------------------
 There are 0 register/latch pins with no clock.


2. checking constant_clock (0)
------------------------------
 There are 0 register/latch pins with constant_clock.


3. checking pulse_width_clock (0)
---------------------------------
 There are 0 register/latch pins which need pulse_width check


4. checking unconstrained_internal_endpoints (0)
------------------------------------------------
 There are 0 pins that are not constrained for maximum delay.

 There are 0 pins that are not constrained for maximum delay due to constant clock.


5. checking no_input_delay (0)
------------------------------
 There are 0 input ports with no input delay specified.

 There are 0 input ports with no input delay but user has a false path constraint.


6. checking no_output_delay (0)
-------------------------------
 There are 0 ports with no output delay specified.

 There are 0 ports with no output delay but user has a false path constraint

 There are 0 ports with no output delay but with a timing clock defined on it or propagating through it


7. checking multiple_clock (0)
------------------------------
 There are 0 register/latch pins with multiple clocks.


8. checking generated_clocks (0)
--------------------------------
 There are 0 generated clocks that are not connected to a clock source.


9. checking loops (0)
---------------------
 There are 0 combinational loops in the design.


10. checking partial_input_delay (0)
------------------------------------
 There are 0 input ports with partial input delay specified.


11. checking partial_output_delay (0)
-------------------------------------
 There are 0 ports with partial output delay specified.


12. checking latch_loops (0)
----------------------------
 There are 0 combinational latch loops in the design through latch input



------------------------------------------------------------------------------------------------
| Design Timing Summary
| ---------------------
------------------------------------------------------------------------------------------------

    WNS(ns)      TNS(ns)  TNS Failing Endpoints  TNS Total Endpoints      WHS(ns)      THS(ns)  THS Failing Endpoints  THS Total Endpoints     WPWS(ns)     TPWS(ns)  TPWS Failing Endpoints  TPWS Total Endpoints  
    -------      -------  ---------------------  -------------------      -------      -------  ---------------------  -------------------     --------     --------  ----------------------  --------------------  
        inf        0.000                      0                    5          inf        0.000                      0                    5           NA           NA                      NA                    NA  


There are no user specified timing constraints.


------------------------------------------------------------------------------------------------
| Clock Summary
| -------------
------------------------------------------------------------------------------------------------


------------------------------------------------------------------------------------------------
| Intra Clock Table
| -----------------
------------------------------------------------------------------------------------------------

Clock             WNS(ns)      TNS(ns)  TNS Failing Endpoints  TNS Total Endpoints      WHS(ns)      THS(ns)  THS Failing Endpoints  THS Total Endpoints     WPWS(ns)     TPWS(ns)  TPWS Failing Endpoints  TPWS Total Endpoints  
-----             -------      -------  ---------------------  -------------------      -------      -------  ---------------------  -------------------     --------     --------  ----------------------  --------------------  


------------------------------------------------------------------------------------------------
| Inter Clock Table
| -----------------
------------------------------------------------------------------------------------------------

From Clock    To Clock          WNS(ns)      TNS(ns)  TNS Failing Endpoints  TNS Total Endpoints      WHS(ns)      THS(ns)  THS Failing Endpoints  THS Total Endpoints  
----------    --------          -------      -------  ---------------------  -------------------      -------      -------  ---------------------  -------------------  


------------------------------------------------------------------------------------------------
| Other Path Groups Table
| -----------------------
------------------------------------------------------------------------------------------------

Path Group    From Clock    To Clock          WNS(ns)      TNS(ns)  TNS Failing Endpoints  TNS Total Endpoints      WHS(ns)      THS(ns)  THS Failing Endpoints  THS Total Endpoints  
----------    ----------    --------          -------      -------  ---------------------  -------------------      -------      -------  ---------------------  -------------------  


------------------------------------------------------------------------------------------------
| User Ignored Path Table
| -----------------------
------------------------------------------------------------------------------------------------

Path Group    From Clock    To Clock    
----------    ----------    --------    


------------------------------------------------------------------------------------------------
| Unconstrained Path Table
| ------------------------
------------------------------------------------------------------------------------------------

Path Group    From Clock    To Clock    
----------    ----------    --------    
(none)                                    


------------------------------------------------------------------------------------------------
| Timing Details
| --------------
------------------------------------------------------------------------------------------------


--------------------------------------------------------------------------------------
Path Group:  (none)
From Clock:  
  To Clock:  

Max Delay             5 Endpoints
Min Delay             5 Endpoints
--------------------------------------------------------------------------------------


Max Delay Paths
--------------------------------------------------------------------------------------
Slack:                    inf
  Source:                 sw[15]
                            (input port)
  Destination:            led[2]
                            (output port)
  Path Group:             (none)
  Path Type:              Max at Slow Process Corner
  Data Path Delay:        8.502ns  (logic 3.768ns (44.316%)  route 4.734ns (55.684%))
  Logic Levels:           4  (IBUF=1 LUT4=1 LUT5=1 OBUF=1)

    Location             Delay type                Incr(ns)  Path(ns)    Netlist Resource(s)
  -------------------------------------------------------------------    -------------------
    N17                                               0.000     0.000 r  sw[15]
                         net (fo=0)                   0.000     0.000    sw[15]
    N17                  IBUF (Prop_ibuf_I_O)         0.923     0.923 r  sw_IBUF[15]_inst/O
                         net (fo=5, routed)           1.646     2.569    sw_IBUF[15]
    SLICE_X0Y17          LUT5 (Prop_lut5_I2_O)        0.124     2.693 r  led_OBUF[4]_inst_i_2/O
                         net (fo=3, routed)           0.964     3.656    led_OBUF[4]_inst_i_2_n_0
    SLICE_X0Y18          LUT4 (Prop_lut4_I0_O)        0.124     3.780 r  led_OBUF[2]_inst_i_1/O
                         net (fo=1, routed)           2.124     5.905    led_OBUF[2]
    V13                  OBUF (Prop_obuf_I_O)         2.597     8.502 r  led_OBUF[2]_inst/O
                         net (fo=0)                   0.000     8.502    led[2]
    V13                                                               r  led[2]
  -------------------------------------------------------------------    -------------------

Slack:                    inf
  Source:                 sw[15]
                            (input port)
  Destination:            led[3]
                            (output port)
  Path Group:             (none)
  Path Type:              Max at Slow Process Corner
  Data Path Delay:        8.215ns  (logic 3.768ns (45.871%)  route 4.447ns (54.129%))
  Logic Levels:           4  (IBUF=1 LUT5=1 LUT6=1 OBUF=1)

    Location             Delay type                Incr(ns)  Path(ns)    Netlist Resource(s)
  -------------------------------------------------------------------    -------------------
    N17                                               0.000     0.000 r  sw[15]
                         net (fo=0)                   0.000     0.000    sw[15]
    N17                  IBUF (Prop_ibuf_I_O)         0.923     0.923 r  sw_IBUF[15]_inst/O
                         net (fo=5, routed)           1.646     2.569    sw_IBUF[15]
    SLICE_X0Y17          LUT5 (Prop_lut5_I2_O)        0.124     2.693 r  led_OBUF[4]_inst_i_2/O
                         net (fo=3, routed)           0.666     3.359    led_OBUF[4]_inst_i_2_n_0
    SLICE_X0Y18          LUT6 (Prop_lut6_I0_O)        0.124     3.483 r  led_OBUF[3]_inst_i_1/O
                         net (fo=1, routed)           2.134     5.617    led_OBUF[3]
    U16                  OBUF (Prop_obuf_I_O)         2.598     8.215 r  led_OBUF[3]_inst/O
                         net (fo=0)                   0.000     8.215    led[3]
    U16                                                               r  led[3]
  -------------------------------------------------------------------    -------------------

Slack:                    inf
  Source:                 sw[15]
                            (input port)
  Destination:            led[4]
                            (output port)
  Path Group:             (none)
  Path Type:              Max at Slow Process Corner
  Data Path Delay:        8.148ns  (logic 3.778ns (46.369%)  route 4.370ns (53.631%))
  Logic Levels:           4  (IBUF=1 LUT5=1 LUT6=1 OBUF=1)

    Location             Delay type                Incr(ns)  Path(ns)    Netlist Resource(s)
  -------------------------------------------------------------------    -------------------
    N17                                               0.000     0.000 r  sw[15]
                         net (fo=0)                   0.000     0.000    sw[15]
    N17                  IBUF (Prop_ibuf_I_O)         0.923     0.923 r  sw_IBUF[15]_inst/O
                         net (fo=5, routed)           1.646     2.569    sw_IBUF[15]
    SLICE_X0Y17          LUT5 (Prop_lut5_I2_O)        0.124     2.693 r  led_OBUF[4]_inst_i_2/O
                         net (fo=3, routed)           0.658     3.351    led_OBUF[4]_inst_i_2_n_0
    SLICE_X0Y18          LUT6 (Prop_lut6_I2_O)        0.124     3.475 r  led_OBUF[4]_inst_i_1/O
                         net (fo=1, routed)           2.065     5.540    led_OBUF[4]
    U15                  OBUF (Prop_obuf_I_O)         2.607     8.148 r  led_OBUF[4]_inst/O
                         net (fo=0)                   0.000     8.148    led[4]
    U15                                                               r  led[4]
  -------------------------------------------------------------------    -------------------

Slack:                    inf
  Source:                 sw[15]
                            (input port)
  Destination:            led[1]
                            (output port)
  Path Group:             (none)
  Path Type:              Max at Slow Process Corner
  Data Path Delay:        7.645ns  (logic 3.870ns (50.626%)  route 3.775ns (49.374%))
  Logic Levels:           3  (IBUF=1 LUT5=1 OBUF=1)

    Location             Delay type                Incr(ns)  Path(ns)    Netlist Resource(s)
  -------------------------------------------------------------------    -------------------
    N17                                               0.000     0.000 r  sw[15]
                         net (fo=0)                   0.000     0.000    sw[15]
    N17                  IBUF (Prop_ibuf_I_O)         0.923     0.923 r  sw_IBUF[15]_inst/O
                         net (fo=5, routed)           1.646     2.569    sw_IBUF[15]
    SLICE_X0Y17          LUT5 (Prop_lut5_I3_O)        0.152     2.721 r  led_OBUF[1]_inst_i_1/O
                         net (fo=1, routed)           2.128     4.849    led_OBUF[1]
    V14                  OBUF (Prop_obuf_I_O)         2.796     7.645 r  led_OBUF[1]_inst/O
                         net (fo=0)                   0.000     7.645    led[1]
    V14                                                               r  led[1]
  -------------------------------------------------------------------    -------------------

Slack:                    inf
  Source:                 sw[0]
                            (input port)
  Destination:            led[0]
                            (output port)
  Path Group:             (none)
  Path Type:              Max at Slow Process Corner
  Data Path Delay:        7.157ns  (logic 3.659ns (51.127%)  route 3.498ns (48.873%))
  Logic Levels:           3  (IBUF=1 LUT2=1 OBUF=1)

    Location             Delay type                Incr(ns)  Path(ns)    Netlist Resource(s)
  -------------------------------------------------------------------    -------------------
    T17                                               0.000     0.000 r  sw[0]
                         net (fo=0)                   0.000     0.000    sw[0]
    T17                  IBUF (Prop_ibuf_I_O)         0.936     0.936 r  sw_IBUF[0]_inst/O
                         net (fo=3, routed)           1.375     2.311    sw_IBUF[0]
    SLICE_X0Y17          LUT2 (Prop_lut2_I0_O)        0.124     2.435 r  led_OBUF[0]_inst_i_1/O
                         net (fo=1, routed)           2.123     4.558    led_OBUF[0]
    U14                  OBUF (Prop_obuf_I_O)         2.599     7.157 r  led_OBUF[0]_inst/O
                         net (fo=0)                   0.000     7.157    led[0]
    U14                                                               r  led[0]
  -------------------------------------------------------------------    -------------------





Min Delay Paths
--------------------------------------------------------------------------------------
Slack:                    inf
  Source:                 sw[3]
                            (input port)
  Destination:            led[4]
                            (output port)
  Path Group:             (none)
  Path Type:              Min at Fast Process Corner
  Data Path Delay:        2.200ns  (logic 1.338ns (60.798%)  route 0.863ns (39.202%))
  Logic Levels:           3  (IBUF=1 LUT6=1 OBUF=1)

    Location             Delay type                Incr(ns)  Path(ns)    Netlist Resource(s)
  -------------------------------------------------------------------    -------------------
    V19                                               0.000     0.000 r  sw[3]
                         net (fo=0)                   0.000     0.000    sw[3]
    V19                  IBUF (Prop_ibuf_I_O)         0.168     0.168 r  sw_IBUF[3]_inst/O
                         net (fo=2, routed)           0.353     0.522    sw_IBUF[3]
    SLICE_X0Y18          LUT6 (Prop_lut6_I4_O)        0.045     0.567 r  led_OBUF[4]_inst_i_1/O
                         net (fo=1, routed)           0.509     1.076    led_OBUF[4]
    U15                  OBUF (Prop_obuf_I_O)         1.125     2.200 r  led_OBUF[4]_inst/O
                         net (fo=0)                   0.000     2.200    led[4]
    U15                                                               r  led[4]
  -------------------------------------------------------------------    -------------------

Slack:                    inf
  Source:                 sw[3]
                            (input port)
  Destination:            led[3]
                            (output port)
  Path Group:             (none)
  Path Type:              Min at Fast Process Corner
  Data Path Delay:        2.206ns  (logic 1.328ns (60.213%)  route 0.878ns (39.787%))
  Logic Levels:           3  (IBUF=1 LUT6=1 OBUF=1)

    Location             Delay type                Incr(ns)  Path(ns)    Netlist Resource(s)
  -------------------------------------------------------------------    -------------------
    V19                                               0.000     0.000 r  sw[3]
                         net (fo=0)                   0.000     0.000    sw[3]
    V19                  IBUF (Prop_ibuf_I_O)         0.168     0.168 r  sw_IBUF[3]_inst/O
                         net (fo=2, routed)           0.354     0.523    sw_IBUF[3]
    SLICE_X0Y18          LUT6 (Prop_lut6_I3_O)        0.045     0.568 r  led_OBUF[3]_inst_i_1/O
                         net (fo=1, routed)           0.523     1.091    led_OBUF[3]
    U16                  OBUF (Prop_obuf_I_O)         1.115     2.206 r  led_OBUF[3]_inst/O
                         net (fo=0)                   0.000     2.206    led[3]
    U16                                                               r  led[3]
  -------------------------------------------------------------------    -------------------

Slack:                    inf
  Source:                 sw[6]
                            (input port)
  Destination:            led[2]
                            (output port)
  Path Group:             (none)
  Path Type:              Min at Fast Process Corner
  Data Path Delay:        2.273ns  (logic 1.332ns (58.624%)  route 0.940ns (41.376%))
  Logic Levels:           3  (IBUF=1 LUT4=1 OBUF=1)

    Location             Delay type                Incr(ns)  Path(ns)    Netlist Resource(s)
  -------------------------------------------------------------------    -------------------
    P18                                               0.000     0.000 r  sw[6]
                         net (fo=0)                   0.000     0.000    sw[6]
    P18                  IBUF (Prop_ibuf_I_O)         0.173     0.173 r  sw_IBUF[6]_inst/O
                         net (fo=3, routed)           0.412     0.585    sw_IBUF[6]
    SLICE_X0Y18          LUT4 (Prop_lut4_I3_O)        0.045     0.630 r  led_OBUF[2]_inst_i_1/O
                         net (fo=1, routed)           0.528     1.159    led_OBUF[2]
    V13                  OBUF (Prop_obuf_I_O)         1.114     2.273 r  led_OBUF[2]_inst/O
                         net (fo=0)                   0.000     2.273    led[2]
    V13                                                               r  led[2]
  -------------------------------------------------------------------    -------------------

Slack:                    inf
  Source:                 sw[1]
                            (input port)
  Destination:            led[1]
                            (output port)
  Path Group:             (none)
  Path Type:              Min at Fast Process Corner
  Data Path Delay:        2.319ns  (logic 1.380ns (59.507%)  route 0.939ns (40.493%))
  Logic Levels:           3  (IBUF=1 LUT5=1 OBUF=1)

    Location             Delay type                Incr(ns)  Path(ns)    Netlist Resource(s)
  -------------------------------------------------------------------    -------------------
    W19                                               0.000     0.000 r  sw[1]
                         net (fo=0)                   0.000     0.000    sw[1]
    W19                  IBUF (Prop_ibuf_I_O)         0.165     0.165 r  sw_IBUF[1]_inst/O
                         net (fo=2, routed)           0.407     0.572    sw_IBUF[1]
    SLICE_X0Y17          LUT5 (Prop_lut5_I2_O)        0.042     0.614 r  led_OBUF[1]_inst_i_1/O
                         net (fo=1, routed)           0.532     1.147    led_OBUF[1]
    V14                  OBUF (Prop_obuf_I_O)         1.173     2.319 r  led_OBUF[1]_inst/O
                         net (fo=0)                   0.000     2.319    led[1]
    V14                                                               r  led[1]
  -------------------------------------------------------------------    -------------------

Slack:                    inf
  Source:                 sw[4]
                            (input port)
  Destination:            led[0]
                            (output port)
  Path Group:             (none)
  Path Type:              Min at Fast Process Corner
  Data Path Delay:        2.334ns  (logic 1.322ns (56.628%)  route 1.012ns (43.372%))
  Logic Levels:           3  (IBUF=1 LUT2=1 OBUF=1)

    Location             Delay type                Incr(ns)  Path(ns)    Netlist Resource(s)
  -------------------------------------------------------------------    -------------------
    U19                                               0.000     0.000 r  sw[4]
                         net (fo=0)                   0.000     0.000    sw[4]
    U19                  IBUF (Prop_ibuf_I_O)         0.160     0.160 r  sw_IBUF[4]_inst/O
                         net (fo=3, routed)           0.483     0.643    sw_IBUF[4]
    SLICE_X0Y17          LUT2 (Prop_lut2_I1_O)        0.045     0.688 r  led_OBUF[0]_inst_i_1/O
                         net (fo=1, routed)           0.529     1.218    led_OBUF[0]
    U14                  OBUF (Prop_obuf_I_O)         1.116     2.334 r  led_OBUF[0]_inst/O
                         net (fo=0)                   0.000     2.334    led[0]
    U14                                                               r  led[0]
  -------------------------------------------------------------------    -------------------





