Copyright 1986-2022 Xilinx, Inc. All Rights Reserved. Copyright 2022-2026 Advanced Micro Devices, Inc. All Rights Reserved.
---------------------------------------------------------------------------------------------------------------------------------------------------------------------------------------------------------------------------------------------
| Tool Version : Vivado v.2026.1 (win64) Build 6511674 Tue Jun 16 11:02:23 MDT 2026
| Date         : Fri Sep 18 21:46:06 2026
| Host         : LAPTOP-EAAOKABQ running 64-bit major release  (build 9200)
| Command      : report_timing_summary -max_paths 10 -routable_nets -report_unconstrained -file js03_tugas1_timing_summary_routed.rpt -pb js03_tugas1_timing_summary_routed.pb -rpx js03_tugas1_timing_summary_routed.rpx -warn_on_violation
| Design       : js03_tugas1
| Device       : 7a35t-cpg236
| Speed File   : -1  PRODUCTION 1.23 2018-06-13
| Design State : Routed
---------------------------------------------------------------------------------------------------------------------------------------------------------------------------------------------------------------------------------------------

Timing Summary Report

------------------------------------------------------------------------------------------------
| Timer Settings
| --------------
------------------------------------------------------------------------------------------------

  Enable Multi Corner Analysis               :  Yes
  Enable Pessimism Removal                   :  Yes
  Pessimism Removal Resolution               :  Nearest Common Node
  Enable Input Delay Default Clock           :  No
  Enable Preset / Clear Arcs                 :  No
  Disable Flight Delays                      :  No
  Ignore I/O Paths                           :  No
  Timing Early Launch at Borrowing Latches   :  No
  Borrow Time for Max Delay Exceptions       :  Yes
  Merge Timing Exceptions                    :  Yes
  Inter-SLR Compensation                     :  Conservative

  Corner  Analyze    Analyze    
  Name    Max Paths  Min Paths  
  ------  ---------  ---------  
  Slow    Yes        Yes        
  Fast    Yes        Yes        


------------------------------------------------------------------------------------------------
| Report Methodology
| ------------------
------------------------------------------------------------------------------------------------

No report available as report_methodology has not been run prior. Run report_methodology on the current design for the summary of methodology violations.



check_timing report

Table of Contents
-----------------
1. checking no_clock (0)
2. checking constant_clock (0)
3. checking pulse_width_clock (0)
4. checking unconstrained_internal_endpoints (0)
5. checking no_input_delay (0)
6. checking no_output_delay (0)
7. checking multiple_clock (0)
8. checking generated_clocks (0)
9. checking loops (0)
10. checking partial_input_delay (0)
11. checking partial_output_delay (0)
12. checking latch_loops (0)

1. checking no_clock (0)
------------------------
 There are 0 register/latch pins with no clock.


2. checking constant_clock (0)
------------------------------
 There are 0 register/latch pins with constant_clock.


3. checking pulse_width_clock (0)
---------------------------------
 There are 0 register/latch pins which need pulse_width check


4. checking unconstrained_internal_endpoints (0)
------------------------------------------------
 There are 0 pins that are not constrained for maximum delay.

 There are 0 pins that are not constrained for maximum delay due to constant clock.


5. checking no_input_delay (0)
------------------------------
 There are 0 input ports with no input delay specified.

 There are 0 input ports with no input delay but user has a false path constraint.


6. checking no_output_delay (0)
-------------------------------
 There are 0 ports with no output delay specified.

 There are 0 ports with no output delay but user has a false path constraint

 There are 0 ports with no output delay but with a timing clock defined on it or propagating through it


7. checking multiple_clock (0)
------------------------------
 There are 0 register/latch pins with multiple clocks.


8. checking generated_clocks (0)
--------------------------------
 There are 0 generated clocks that are not connected to a clock source.


9. checking loops (0)
---------------------
 There are 0 combinational loops in the design.


10. checking partial_input_delay (0)
------------------------------------
 There are 0 input ports with partial input delay specified.


11. checking partial_output_delay (0)
-------------------------------------
 There are 0 ports with partial output delay specified.


12. checking latch_loops (0)
----------------------------
 There are 0 combinational latch loops in the design through latch input



------------------------------------------------------------------------------------------------
| Design Timing Summary
| ---------------------
------------------------------------------------------------------------------------------------

    WNS(ns)      TNS(ns)  TNS Failing Endpoints  TNS Total Endpoints      WHS(ns)      THS(ns)  THS Failing Endpoints  THS Total Endpoints     WPWS(ns)     TPWS(ns)  TPWS Failing Endpoints  TPWS Total Endpoints  
    -------      -------  ---------------------  -------------------      -------      -------  ---------------------  -------------------     --------     --------  ----------------------  --------------------  
        inf        0.000                      0                    9          inf        0.000                      0                    9           NA           NA                      NA                    NA  


There are no user specified timing constraints.


------------------------------------------------------------------------------------------------
| Clock Summary
| -------------
------------------------------------------------------------------------------------------------


------------------------------------------------------------------------------------------------
| Intra Clock Table
| -----------------
------------------------------------------------------------------------------------------------

Clock             WNS(ns)      TNS(ns)  TNS Failing Endpoints  TNS Total Endpoints      WHS(ns)      THS(ns)  THS Failing Endpoints  THS Total Endpoints     WPWS(ns)     TPWS(ns)  TPWS Failing Endpoints  TPWS Total Endpoints  
-----             -------      -------  ---------------------  -------------------      -------      -------  ---------------------  -------------------     --------     --------  ----------------------  --------------------  


------------------------------------------------------------------------------------------------
| Inter Clock Table
| -----------------
------------------------------------------------------------------------------------------------

From Clock    To Clock          WNS(ns)      TNS(ns)  TNS Failing Endpoints  TNS Total Endpoints      WHS(ns)      THS(ns)  THS Failing Endpoints  THS Total Endpoints  
----------    --------          -------      -------  ---------------------  -------------------      -------      -------  ---------------------  -------------------  


------------------------------------------------------------------------------------------------
| Other Path Groups Table
| -----------------------
------------------------------------------------------------------------------------------------

Path Group    From Clock    To Clock          WNS(ns)      TNS(ns)  TNS Failing Endpoints  TNS Total Endpoints      WHS(ns)      THS(ns)  THS Failing Endpoints  THS Total Endpoints  
----------    ----------    --------          -------      -------  ---------------------  -------------------      -------      -------  ---------------------  -------------------  


------------------------------------------------------------------------------------------------
| User Ignored Path Table
| -----------------------
------------------------------------------------------------------------------------------------

Path Group    From Clock    To Clock    
----------    ----------    --------    


------------------------------------------------------------------------------------------------
| Unconstrained Path Table
| ------------------------
------------------------------------------------------------------------------------------------

Path Group    From Clock    To Clock    
----------    ----------    --------    
(none)                                    


------------------------------------------------------------------------------------------------
| Timing Details
| --------------
------------------------------------------------------------------------------------------------


--------------------------------------------------------------------------------------
Path Group:  (none)
From Clock:  
  To Clock:  

Max Delay             9 Endpoints
Min Delay             9 Endpoints
--------------------------------------------------------------------------------------


Max Delay Paths
--------------------------------------------------------------------------------------
Slack:                    inf
  Source:                 sw[1]
                            (input port)
  Destination:            led[8]
                            (output port)
  Path Group:             (none)
  Path Type:              Max at Slow Process Corner
  Data Path Delay:        10.704ns  (logic 4.806ns (44.901%)  route 5.898ns (55.099%))
  Logic Levels:           7  (CARRY4=1 IBUF=1 LUT2=1 LUT3=1 LUT6=2 OBUF=1)

    Location             Delay type                Incr(ns)  Path(ns)    Netlist Resource(s)
  -------------------------------------------------------------------    -------------------
    W19                                               0.000     0.000 f  sw[1]
                         net (fo=0)                   0.000     0.000    sw[1]
    W19                  IBUF (Prop_ibuf_I_O)         0.936     0.936 f  sw_IBUF[1]_inst/O
                         net (fo=15, routed)          1.648     2.584    UUT/sw_IBUF[1]
    SLICE_X1Y18          LUT2 (Prop_lut2_I0_O)        0.124     2.708 r  UUT/prod0__1_carry_i_8__0/O
                         net (fo=2, routed)           0.805     3.514    UUT/prod0__1_carry_i_8__0_n_0
    SLICE_X1Y17          LUT6 (Prop_lut6_I3_O)        0.124     3.638 r  UUT/prod0__1_carry_i_3__0/O
                         net (fo=2, routed)           0.667     4.304    UUT/prod0__1_carry_i_3__0_n_0
    SLICE_X0Y17          LUT6 (Prop_lut6_I0_O)        0.124     4.428 r  UUT/prod0__1_carry_i_6/O
                         net (fo=1, routed)           0.000     4.428    UUT/prod0__1_carry_i_6_n_0
    SLICE_X0Y17          CARRY4 (Prop_carry4_S[0]_CO[3])
                                                      0.532     4.960 r  UUT/prod0__1_carry__0/CO[3]
                         net (fo=1, routed)           0.899     5.860    UUT/prod0[7]
    SLICE_X0Y15          LUT3 (Prop_lut3_I1_O)        0.150     6.010 r  UUT/led_OBUF[8]_inst_i_1/O
                         net (fo=1, routed)           1.878     7.888    led_OBUF[8]
    V15                  OBUF (Prop_obuf_I_O)         2.816    10.704 r  led_OBUF[8]_inst/O
                         net (fo=0)                   0.000    10.704    led[8]
    V15                                                               r  led[8]
  -------------------------------------------------------------------    -------------------

Slack:                    inf
  Source:                 sw[1]
                            (input port)
  Destination:            led[5]
                            (output port)
  Path Group:             (none)
  Path Type:              Max at Slow Process Corner
  Data Path Delay:        10.685ns  (logic 4.682ns (43.818%)  route 6.003ns (56.182%))
  Logic Levels:           7  (CARRY4=1 IBUF=1 LUT2=1 LUT3=1 LUT6=2 OBUF=1)

    Location             Delay type                Incr(ns)  Path(ns)    Netlist Resource(s)
  -------------------------------------------------------------------    -------------------
    W19                                               0.000     0.000 f  sw[1]
                         net (fo=0)                   0.000     0.000    sw[1]
    W19                  IBUF (Prop_ibuf_I_O)         0.936     0.936 f  sw_IBUF[1]_inst/O
                         net (fo=15, routed)          1.648     2.584    UUT/sw_IBUF[1]
    SLICE_X1Y18          LUT2 (Prop_lut2_I0_O)        0.124     2.708 r  UUT/prod0__1_carry_i_8__0/O
                         net (fo=2, routed)           0.805     3.514    UUT/prod0__1_carry_i_8__0_n_0
    SLICE_X1Y17          LUT6 (Prop_lut6_I3_O)        0.124     3.638 r  UUT/prod0__1_carry_i_3__0/O
                         net (fo=2, routed)           0.667     4.304    UUT/prod0__1_carry_i_3__0_n_0
    SLICE_X0Y17          LUT6 (Prop_lut6_I0_O)        0.124     4.428 r  UUT/prod0__1_carry_i_6/O
                         net (fo=1, routed)           0.000     4.428    UUT/prod0__1_carry_i_6_n_0
    SLICE_X0Y17          CARRY4 (Prop_carry4_S[0]_O[0])
                                                      0.247     4.675 r  UUT/prod0__1_carry__0/O[0]
                         net (fo=1, routed)           0.800     5.475    UUT/prod0[4]
    SLICE_X0Y18          LUT3 (Prop_lut3_I1_O)        0.327     5.802 r  UUT/led_OBUF[5]_inst_i_1/O
                         net (fo=1, routed)           2.083     7.885    led_OBUF[5]
    W14                  OBUF (Prop_obuf_I_O)         2.800    10.685 r  led_OBUF[5]_inst/O
                         net (fo=0)                   0.000    10.685    led[5]
    W14                                                               r  led[5]
  -------------------------------------------------------------------    -------------------

Slack:                    inf
  Source:                 sw[1]
                            (input port)
  Destination:            led[7]
                            (output port)
  Path Group:             (none)
  Path Type:              Max at Slow Process Corner
  Data Path Delay:        10.407ns  (logic 4.756ns (45.698%)  route 5.651ns (54.302%))
  Logic Levels:           7  (CARRY4=1 IBUF=1 LUT2=1 LUT3=1 LUT6=2 OBUF=1)

    Location             Delay type                Incr(ns)  Path(ns)    Netlist Resource(s)
  -------------------------------------------------------------------    -------------------
    W19                                               0.000     0.000 f  sw[1]
                         net (fo=0)                   0.000     0.000    sw[1]
    W19                  IBUF (Prop_ibuf_I_O)         0.936     0.936 f  sw_IBUF[1]_inst/O
                         net (fo=15, routed)          1.648     2.584    UUT/sw_IBUF[1]
    SLICE_X1Y18          LUT2 (Prop_lut2_I0_O)        0.124     2.708 r  UUT/prod0__1_carry_i_8__0/O
                         net (fo=2, routed)           0.805     3.514    UUT/prod0__1_carry_i_8__0_n_0
    SLICE_X1Y17          LUT6 (Prop_lut6_I3_O)        0.124     3.638 r  UUT/prod0__1_carry_i_3__0/O
                         net (fo=2, routed)           0.667     4.304    UUT/prod0__1_carry_i_3__0_n_0
    SLICE_X0Y17          LUT6 (Prop_lut6_I0_O)        0.124     4.428 r  UUT/prod0__1_carry_i_6/O
                         net (fo=1, routed)           0.000     4.428    UUT/prod0__1_carry_i_6_n_0
    SLICE_X0Y17          CARRY4 (Prop_carry4_S[0]_O[2])
                                                      0.547     4.975 r  UUT/prod0__1_carry__0/O[2]
                         net (fo=1, routed)           0.654     5.629    UUT/prod0[6]
    SLICE_X0Y15          LUT3 (Prop_lut3_I1_O)        0.302     5.931 r  UUT/led_OBUF[7]_inst_i_1/O
                         net (fo=1, routed)           1.877     7.808    led_OBUF[7]
    W15                  OBUF (Prop_obuf_I_O)         2.599    10.407 r  led_OBUF[7]_inst/O
                         net (fo=0)                   0.000    10.407    led[7]
    W15                                                               r  led[7]
  -------------------------------------------------------------------    -------------------

Slack:                    inf
  Source:                 sw[1]
                            (input port)
  Destination:            led[6]
                            (output port)
  Path Group:             (none)
  Path Type:              Max at Slow Process Corner
  Data Path Delay:        10.294ns  (logic 4.642ns (45.094%)  route 5.652ns (54.906%))
  Logic Levels:           7  (CARRY4=1 IBUF=1 LUT2=1 LUT3=1 LUT6=2 OBUF=1)

    Location             Delay type                Incr(ns)  Path(ns)    Netlist Resource(s)
  -------------------------------------------------------------------    -------------------
    W19                                               0.000     0.000 f  sw[1]
                         net (fo=0)                   0.000     0.000    sw[1]
    W19                  IBUF (Prop_ibuf_I_O)         0.936     0.936 f  sw_IBUF[1]_inst/O
                         net (fo=15, routed)          1.648     2.584    UUT/sw_IBUF[1]
    SLICE_X1Y18          LUT2 (Prop_lut2_I0_O)        0.124     2.708 r  UUT/prod0__1_carry_i_8__0/O
                         net (fo=2, routed)           0.805     3.514    UUT/prod0__1_carry_i_8__0_n_0
    SLICE_X1Y17          LUT6 (Prop_lut6_I3_O)        0.124     3.638 r  UUT/prod0__1_carry_i_3__0/O
                         net (fo=2, routed)           0.667     4.304    UUT/prod0__1_carry_i_3__0_n_0
    SLICE_X0Y17          LUT6 (Prop_lut6_I0_O)        0.124     4.428 r  UUT/prod0__1_carry_i_6/O
                         net (fo=1, routed)           0.000     4.428    UUT/prod0__1_carry_i_6_n_0
    SLICE_X0Y17          CARRY4 (Prop_carry4_S[0]_O[1])
                                                      0.424     4.852 r  UUT/prod0__1_carry__0/O[1]
                         net (fo=1, routed)           0.594     5.446    UUT/prod0[5]
    SLICE_X0Y18          LUT3 (Prop_lut3_I1_O)        0.303     5.749 r  UUT/led_OBUF[6]_inst_i_1/O
                         net (fo=1, routed)           1.938     7.687    led_OBUF[6]
    W13                  OBUF (Prop_obuf_I_O)         2.607    10.294 r  led_OBUF[6]_inst/O
                         net (fo=0)                   0.000    10.294    led[6]
    W13                                                               r  led[6]
  -------------------------------------------------------------------    -------------------

Slack:                    inf
  Source:                 sw[1]
                            (input port)
  Destination:            led[4]
                            (output port)
  Path Group:             (none)
  Path Type:              Max at Slow Process Corner
  Data Path Delay:        9.551ns  (logic 3.916ns (40.998%)  route 5.635ns (59.002%))
  Logic Levels:           5  (IBUF=1 LUT5=2 LUT6=1 OBUF=1)

    Location             Delay type                Incr(ns)  Path(ns)    Netlist Resource(s)
  -------------------------------------------------------------------    -------------------
    W19                                               0.000     0.000 r  sw[1]
                         net (fo=0)                   0.000     0.000    sw[1]
    W19                  IBUF (Prop_ibuf_I_O)         0.936     0.936 r  sw_IBUF[1]_inst/O
                         net (fo=15, routed)          1.874     2.810    UUT/sw_IBUF[1]
    SLICE_X0Y18          LUT6 (Prop_lut6_I0_O)        0.124     2.934 r  UUT/led_OBUF[2]_inst_i_2/O
                         net (fo=2, routed)           0.805     3.739    UUT/led_OBUF[2]_inst_i_2_n_0
    SLICE_X0Y15          LUT5 (Prop_lut5_I4_O)        0.124     3.863 r  UUT/led_OBUF[4]_inst_i_2/O
                         net (fo=2, routed)           0.893     4.756    UUT_n_8
    SLICE_X0Y15          LUT5 (Prop_lut5_I0_O)        0.124     4.880 r  led_OBUF[4]_inst_i_1/O
                         net (fo=1, routed)           2.063     6.944    led_OBUF[4]
    U15                  OBUF (Prop_obuf_I_O)         2.607     9.551 r  led_OBUF[4]_inst/O
                         net (fo=0)                   0.000     9.551    led[4]
    U15                                                               r  led[4]
  -------------------------------------------------------------------    -------------------

Slack:                    inf
  Source:                 sw[1]
                            (input port)
  Destination:            led[3]
                            (output port)
  Path Group:             (none)
  Path Type:              Max at Slow Process Corner
  Data Path Delay:        9.427ns  (logic 4.336ns (45.995%)  route 5.091ns (54.005%))
  Logic Levels:           6  (CARRY4=1 IBUF=1 LUT4=1 LUT6=2 OBUF=1)

    Location             Delay type                Incr(ns)  Path(ns)    Netlist Resource(s)
  -------------------------------------------------------------------    -------------------
    W19                                               0.000     0.000 r  sw[1]
                         net (fo=0)                   0.000     0.000    sw[1]
    W19                  IBUF (Prop_ibuf_I_O)         0.936     0.936 r  sw_IBUF[1]_inst/O
                         net (fo=15, routed)          1.933     2.869    UUT/sw_IBUF[1]
    SLICE_X1Y16          LUT6 (Prop_lut6_I4_O)        0.124     2.993 r  UUT/prod0__1_carry_i_8/O
                         net (fo=1, routed)           0.658     3.652    UUT/prod0__1_carry_i_8_n_0
    SLICE_X0Y16          LUT4 (Prop_lut4_I0_O)        0.124     3.776 r  UUT/prod0__1_carry_i_4/O
                         net (fo=1, routed)           0.000     3.776    UUT/prod0__1_carry_i_4_n_0
    SLICE_X0Y16          CARRY4 (Prop_carry4_S[3]_O[3])
                                                      0.248     4.024 r  UUT/prod0__1_carry/O[3]
                         net (fo=1, routed)           0.578     4.602    UUT/prod0__1_carry_n_4
    SLICE_X1Y15          LUT6 (Prop_lut6_I0_O)        0.306     4.908 r  UUT/led_OBUF[3]_inst_i_1/O
                         net (fo=1, routed)           1.922     6.829    led_OBUF[3]
    U16                  OBUF (Prop_obuf_I_O)         2.598     9.427 r  led_OBUF[3]_inst/O
                         net (fo=0)                   0.000     9.427    led[3]
    U16                                                               r  led[3]
  -------------------------------------------------------------------    -------------------

Slack:                    inf
  Source:                 sw[4]
                            (input port)
  Destination:            led[1]
                            (output port)
  Path Group:             (none)
  Path Type:              Max at Slow Process Corner
  Data Path Delay:        8.992ns  (logic 4.376ns (48.663%)  route 4.616ns (51.337%))
  Logic Levels:           5  (CARRY4=1 IBUF=1 LUT2=1 LUT6=1 OBUF=1)

    Location             Delay type                Incr(ns)  Path(ns)    Netlist Resource(s)
  -------------------------------------------------------------------    -------------------
    U19                                               0.000     0.000 r  sw[4]
                         net (fo=0)                   0.000     0.000    sw[4]
    U19                  IBUF (Prop_ibuf_I_O)         0.931     0.931 r  sw_IBUF[4]_inst/O
                         net (fo=9, routed)           1.720     2.651    UUT/sw_IBUF[4]
    SLICE_X0Y16          LUT2 (Prop_lut2_I1_O)        0.124     2.775 r  UUT/prod0__1_carry_i_7__0/O
                         net (fo=1, routed)           0.000     2.775    UUT/prod0__1_carry_i_7__0_n_0
    SLICE_X0Y16          CARRY4 (Prop_carry4_S[0]_O[1])
                                                      0.424     3.199 r  UUT/prod0__1_carry/O[1]
                         net (fo=1, routed)           0.814     4.013    UUT/prod0__1_carry_n_6
    SLICE_X1Y15          LUT6 (Prop_lut6_I0_O)        0.303     4.316 r  UUT/led_OBUF[1]_inst_i_1/O
                         net (fo=1, routed)           2.082     6.398    led_OBUF[1]
    V14                  OBUF (Prop_obuf_I_O)         2.594     8.992 r  led_OBUF[1]_inst/O
                         net (fo=0)                   0.000     8.992    led[1]
    V14                                                               r  led[1]
  -------------------------------------------------------------------    -------------------

Slack:                    inf
  Source:                 sw[1]
                            (input port)
  Destination:            led[2]
                            (output port)
  Path Group:             (none)
  Path Type:              Max at Slow Process Corner
  Data Path Delay:        8.939ns  (logic 4.539ns (50.779%)  route 4.400ns (49.221%))
  Logic Levels:           5  (CARRY4=1 IBUF=1 LUT4=1 LUT6=1 OBUF=1)

    Location             Delay type                Incr(ns)  Path(ns)    Netlist Resource(s)
  -------------------------------------------------------------------    -------------------
    W19                                               0.000     0.000 r  sw[1]
                         net (fo=0)                   0.000     0.000    sw[1]
    W19                  IBUF (Prop_ibuf_I_O)         0.936     0.936 r  sw_IBUF[1]_inst/O
                         net (fo=15, routed)          1.723     2.660    UUT/sw_IBUF[1]
    SLICE_X0Y16          LUT4 (Prop_lut4_I1_O)        0.124     2.784 r  UUT/prod0__1_carry_i_6__0/O
                         net (fo=1, routed)           0.000     2.784    UUT/prod0__1_carry_i_6__0_n_0
    SLICE_X0Y16          CARRY4 (Prop_carry4_S[1]_O[2])
                                                      0.580     3.364 r  UUT/prod0__1_carry/O[2]
                         net (fo=1, routed)           0.578     3.942    UUT/prod0__1_carry_n_5
    SLICE_X0Y15          LUT6 (Prop_lut6_I0_O)        0.302     4.244 r  UUT/led_OBUF[2]_inst_i_1/O
                         net (fo=1, routed)           2.098     6.342    led_OBUF[2]
    V13                  OBUF (Prop_obuf_I_O)         2.597     8.939 r  led_OBUF[2]_inst/O
                         net (fo=0)                   0.000     8.939    led[2]
    V13                                                               r  led[2]
  -------------------------------------------------------------------    -------------------

Slack:                    inf
  Source:                 sw[4]
                            (input port)
  Destination:            led[0]
                            (output port)
  Path Group:             (none)
  Path Type:              Max at Slow Process Corner
  Data Path Delay:        8.902ns  (logic 4.428ns (49.745%)  route 4.474ns (50.255%))
  Logic Levels:           5  (CARRY4=1 IBUF=1 LUT2=1 LUT5=1 OBUF=1)

    Location             Delay type                Incr(ns)  Path(ns)    Netlist Resource(s)
  -------------------------------------------------------------------    -------------------
    U19                                               0.000     0.000 r  sw[4]
                         net (fo=0)                   0.000     0.000    sw[4]
    U19                  IBUF (Prop_ibuf_I_O)         0.931     0.931 r  sw_IBUF[4]_inst/O
                         net (fo=9, routed)           1.720     2.651    UUT/sw_IBUF[4]
    SLICE_X0Y16          LUT2 (Prop_lut2_I1_O)        0.124     2.775 r  UUT/prod0__1_carry_i_7__0/O
                         net (fo=1, routed)           0.000     2.775    UUT/prod0__1_carry_i_7__0_n_0
    SLICE_X0Y16          CARRY4 (Prop_carry4_S[0]_O[0])
                                                      0.247     3.022 r  UUT/prod0__1_carry/O[0]
                         net (fo=1, routed)           0.626     3.648    UUT/prod0__1_carry_n_7
    SLICE_X1Y16          LUT5 (Prop_lut5_I0_O)        0.325     3.973 r  UUT/led_OBUF[0]_inst_i_1/O
                         net (fo=1, routed)           2.128     6.101    led_OBUF[0]
    U14                  OBUF (Prop_obuf_I_O)         2.801     8.902 r  led_OBUF[0]_inst/O
                         net (fo=0)                   0.000     8.902    led[0]
    U14                                                               r  led[0]
  -------------------------------------------------------------------    -------------------





Min Delay Paths
--------------------------------------------------------------------------------------
Slack:                    inf
  Source:                 sw[8]
                            (input port)
  Destination:            led[6]
                            (output port)
  Path Group:             (none)
  Path Type:              Min at Fast Process Corner
  Data Path Delay:        2.292ns  (logic 1.321ns (57.614%)  route 0.972ns (42.386%))
  Logic Levels:           3  (IBUF=1 LUT3=1 OBUF=1)

    Location             Delay type                Incr(ns)  Path(ns)    Netlist Resource(s)
  -------------------------------------------------------------------    -------------------
    N17                                               0.000     0.000 f  sw[8]
                         net (fo=0)                   0.000     0.000    sw[8]
    N17                  IBUF (Prop_ibuf_I_O)         0.152     0.152 f  sw_IBUF[8]_inst/O
                         net (fo=12, routed)          0.518     0.670    UUT/sw_IBUF[8]
    SLICE_X0Y18          LUT3 (Prop_lut3_I0_O)        0.045     0.715 r  UUT/led_OBUF[6]_inst_i_1/O
                         net (fo=1, routed)           0.453     1.168    led_OBUF[6]
    W13                  OBUF (Prop_obuf_I_O)         1.124     2.292 r  led_OBUF[6]_inst/O
                         net (fo=0)                   0.000     2.292    led[6]
    W13                                                               r  led[6]
  -------------------------------------------------------------------    -------------------

Slack:                    inf
  Source:                 sw[0]
                            (input port)
  Destination:            led[0]
                            (output port)
  Path Group:             (none)
  Path Type:              Min at Fast Process Corner
  Data Path Delay:        2.348ns  (logic 1.392ns (59.274%)  route 0.956ns (40.726%))
  Logic Levels:           3  (IBUF=1 LUT5=1 OBUF=1)

    Location             Delay type                Incr(ns)  Path(ns)    Netlist Resource(s)
  -------------------------------------------------------------------    -------------------
    T17                                               0.000     0.000 r  sw[0]
                         net (fo=0)                   0.000     0.000    sw[0]
    T17                  IBUF (Prop_ibuf_I_O)         0.165     0.165 r  sw_IBUF[0]_inst/O
                         net (fo=12, routed)          0.424     0.589    UUT/sw_IBUF[0]
    SLICE_X1Y16          LUT5 (Prop_lut5_I3_O)        0.048     0.637 r  UUT/led_OBUF[0]_inst_i_1/O
                         net (fo=1, routed)           0.532     1.169    led_OBUF[0]
    U14                  OBUF (Prop_obuf_I_O)         1.178     2.348 r  led_OBUF[0]_inst/O
                         net (fo=0)                   0.000     2.348    led[0]
    U14                                                               r  led[0]
  -------------------------------------------------------------------    -------------------

Slack:                    inf
  Source:                 sw[3]
                            (input port)
  Destination:            led[4]
                            (output port)
  Path Group:             (none)
  Path Type:              Min at Fast Process Corner
  Data Path Delay:        2.362ns  (logic 1.338ns (56.652%)  route 1.024ns (43.348%))
  Logic Levels:           3  (IBUF=1 LUT5=1 OBUF=1)

    Location             Delay type                Incr(ns)  Path(ns)    Netlist Resource(s)
  -------------------------------------------------------------------    -------------------
    V19                                               0.000     0.000 r  sw[3]
                         net (fo=0)                   0.000     0.000    sw[3]
    V19                  IBUF (Prop_ibuf_I_O)         0.168     0.168 r  sw_IBUF[3]_inst/O
                         net (fo=10, routed)          0.522     0.691    sw_IBUF[3]
    SLICE_X0Y15          LUT5 (Prop_lut5_I2_O)        0.045     0.736 r  led_OBUF[4]_inst_i_1/O
                         net (fo=1, routed)           0.501     1.237    led_OBUF[4]
    U15                  OBUF (Prop_obuf_I_O)         1.125     2.362 r  led_OBUF[4]_inst/O
                         net (fo=0)                   0.000     2.362    led[4]
    U15                                                               r  led[4]
  -------------------------------------------------------------------    -------------------

Slack:                    inf
  Source:                 sw[8]
                            (input port)
  Destination:            led[7]
                            (output port)
  Path Group:             (none)
  Path Type:              Min at Fast Process Corner
  Data Path Delay:        2.376ns  (logic 1.313ns (55.251%)  route 1.063ns (44.749%))
  Logic Levels:           3  (IBUF=1 LUT3=1 OBUF=1)

    Location             Delay type                Incr(ns)  Path(ns)    Netlist Resource(s)
  -------------------------------------------------------------------    -------------------
    N17                                               0.000     0.000 f  sw[8]
                         net (fo=0)                   0.000     0.000    sw[8]
    N17                  IBUF (Prop_ibuf_I_O)         0.152     0.152 f  sw_IBUF[8]_inst/O
                         net (fo=12, routed)          0.636     0.788    UUT/sw_IBUF[8]
    SLICE_X0Y15          LUT3 (Prop_lut3_I0_O)        0.045     0.833 r  UUT/led_OBUF[7]_inst_i_1/O
                         net (fo=1, routed)           0.427     1.260    led_OBUF[7]
    W15                  OBUF (Prop_obuf_I_O)         1.116     2.376 r  led_OBUF[7]_inst/O
                         net (fo=0)                   0.000     2.376    led[7]
    W15                                                               r  led[7]
  -------------------------------------------------------------------    -------------------

Slack:                    inf
  Source:                 sw[8]
                            (input port)
  Destination:            led[3]
                            (output port)
  Path Group:             (none)
  Path Type:              Min at Fast Process Corner
  Data Path Delay:        2.383ns  (logic 1.312ns (55.039%)  route 1.072ns (44.961%))
  Logic Levels:           3  (IBUF=1 LUT6=1 OBUF=1)

    Location             Delay type                Incr(ns)  Path(ns)    Netlist Resource(s)
  -------------------------------------------------------------------    -------------------
    N17                                               0.000     0.000 r  sw[8]
                         net (fo=0)                   0.000     0.000    sw[8]
    N17                  IBUF (Prop_ibuf_I_O)         0.152     0.152 r  sw_IBUF[8]_inst/O
                         net (fo=12, routed)          0.622     0.774    UUT/sw_IBUF[8]
    SLICE_X1Y15          LUT6 (Prop_lut6_I2_O)        0.045     0.819 r  UUT/led_OBUF[3]_inst_i_1/O
                         net (fo=1, routed)           0.450     1.268    led_OBUF[3]
    U16                  OBUF (Prop_obuf_I_O)         1.115     2.383 r  led_OBUF[3]_inst/O
                         net (fo=0)                   0.000     2.383    led[3]
    U16                                                               r  led[3]
  -------------------------------------------------------------------    -------------------

Slack:                    inf
  Source:                 sw[2]
                            (input port)
  Destination:            led[2]
                            (output port)
  Path Group:             (none)
  Path Type:              Min at Fast Process Corner
  Data Path Delay:        2.391ns  (logic 1.327ns (55.513%)  route 1.064ns (44.487%))
  Logic Levels:           3  (IBUF=1 LUT6=1 OBUF=1)

    Location             Delay type                Incr(ns)  Path(ns)    Netlist Resource(s)
  -------------------------------------------------------------------    -------------------
    W18                                               0.000     0.000 r  sw[2]
                         net (fo=0)                   0.000     0.000    sw[2]
    W18                  IBUF (Prop_ibuf_I_O)         0.168     0.168 r  sw_IBUF[2]_inst/O
                         net (fo=12, routed)          0.549     0.717    UUT/sw_IBUF[2]
    SLICE_X0Y15          LUT6 (Prop_lut6_I4_O)        0.045     0.762 r  UUT/led_OBUF[2]_inst_i_1/O
                         net (fo=1, routed)           0.514     1.276    led_OBUF[2]
    V13                  OBUF (Prop_obuf_I_O)         1.114     2.391 r  led_OBUF[2]_inst/O
                         net (fo=0)                   0.000     2.391    led[2]
    V13                                                               r  led[2]
  -------------------------------------------------------------------    -------------------

Slack:                    inf
  Source:                 sw[8]
                            (input port)
  Destination:            led[5]
                            (output port)
  Path Group:             (none)
  Path Type:              Min at Fast Process Corner
  Data Path Delay:        2.392ns  (logic 1.371ns (57.301%)  route 1.021ns (42.699%))
  Logic Levels:           3  (IBUF=1 LUT3=1 OBUF=1)

    Location             Delay type                Incr(ns)  Path(ns)    Netlist Resource(s)
  -------------------------------------------------------------------    -------------------
    N17                                               0.000     0.000 f  sw[8]
                         net (fo=0)                   0.000     0.000    sw[8]
    N17                  IBUF (Prop_ibuf_I_O)         0.152     0.152 f  sw_IBUF[8]_inst/O
                         net (fo=12, routed)          0.518     0.670    UUT/sw_IBUF[8]
    SLICE_X0Y18          LUT3 (Prop_lut3_I0_O)        0.042     0.712 r  UUT/led_OBUF[5]_inst_i_1/O
                         net (fo=1, routed)           0.503     1.215    led_OBUF[5]
    W14                  OBUF (Prop_obuf_I_O)         1.177     2.392 r  led_OBUF[5]_inst/O
                         net (fo=0)                   0.000     2.392    led[5]
    W14                                                               r  led[5]
  -------------------------------------------------------------------    -------------------

Slack:                    inf
  Source:                 sw[1]
                            (input port)
  Destination:            led[1]
                            (output port)
  Path Group:             (none)
  Path Type:              Min at Fast Process Corner
  Data Path Delay:        2.420ns  (logic 1.321ns (54.585%)  route 1.099ns (45.415%))
  Logic Levels:           3  (IBUF=1 LUT6=1 OBUF=1)

    Location             Delay type                Incr(ns)  Path(ns)    Netlist Resource(s)
  -------------------------------------------------------------------    -------------------
    W19                                               0.000     0.000 r  sw[1]
                         net (fo=0)                   0.000     0.000    sw[1]
    W19                  IBUF (Prop_ibuf_I_O)         0.165     0.165 r  sw_IBUF[1]_inst/O
                         net (fo=15, routed)          0.586     0.752    UUT/sw_IBUF[1]
    SLICE_X1Y15          LUT6 (Prop_lut6_I4_O)        0.045     0.797 r  UUT/led_OBUF[1]_inst_i_1/O
                         net (fo=1, routed)           0.513     1.310    led_OBUF[1]
    V14                  OBUF (Prop_obuf_I_O)         1.111     2.420 r  led_OBUF[1]_inst/O
                         net (fo=0)                   0.000     2.420    led[1]
    V14                                                               r  led[1]
  -------------------------------------------------------------------    -------------------

Slack:                    inf
  Source:                 sw[8]
                            (input port)
  Destination:            led[8]
                            (output port)
  Path Group:             (none)
  Path Type:              Min at Fast Process Corner
  Data Path Delay:        2.444ns  (logic 1.393ns (56.975%)  route 1.052ns (43.025%))
  Logic Levels:           3  (IBUF=1 LUT3=1 OBUF=1)

    Location             Delay type                Incr(ns)  Path(ns)    Netlist Resource(s)
  -------------------------------------------------------------------    -------------------
    N17                                               0.000     0.000 f  sw[8]
                         net (fo=0)                   0.000     0.000    sw[8]
    N17                  IBUF (Prop_ibuf_I_O)         0.152     0.152 f  sw_IBUF[8]_inst/O
                         net (fo=12, routed)          0.636     0.788    UUT/sw_IBUF[8]
    SLICE_X0Y15          LUT3 (Prop_lut3_I0_O)        0.048     0.836 r  UUT/led_OBUF[8]_inst_i_1/O
                         net (fo=1, routed)           0.416     1.252    led_OBUF[8]
    V15                  OBUF (Prop_obuf_I_O)         1.193     2.444 r  led_OBUF[8]_inst/O
                         net (fo=0)                   0.000     2.444    led[8]
    V15                                                               r  led[8]
  -------------------------------------------------------------------    -------------------





